=== CAMPAIGN START 2026-07-30T21:40:33Z on xsym-32 30 vCPU ===
[start] DOGE seed2 -> modelcap_h150anch 2026-07-30T21:40:35Z
[start] DOGE seed1 -> modelcap_h150anch 2026-07-30T21:40:35Z
[start] DOGE seed3 -> modelcap_h150anch 2026-07-30T21:40:35Z
[start] DOGE seed0 -> modelcap_h150anch 2026-07-30T21:40:35Z
[start] XRP seed0 -> modelcap_h150anch 2026-07-30T21:40:35Z
[start] XRP seed1 -> modelcap_h150anch 2026-07-30T21:40:35Z
[start] XRP seed2 -> modelcap_h150anch 2026-07-30T21:40:35Z
[done ] DOGE seed1 rc=0 2026-07-30T23:07:40Z
[start] XRP seed3 -> modelcap_h150anch 2026-07-30T23:07:56Z
[done ] XRP seed2 rc=0 2026-07-30T23:15:12Z
[start] BTC seed0 -> modelcap_h150d 2026-07-30T23:15:16Z
[done ] XRP seed1 rc=0 2026-07-30T23:19:06Z
[start] BTC seed1 -> modelcap_h150d 2026-07-30T23:19:16Z
[done ] XRP seed0 rc=0 2026-07-30T23:26:42Z
[start] BTC seed2 -> modelcap_h150d 2026-07-30T23:26:56Z
[done ] DOGE seed0 rc=0 2026-07-30T23:29:57Z
[start] BTC seed3 -> modelcap_h150d 2026-07-30T23:30:16Z
[done ] DOGE seed2 rc=0 2026-07-30T23:31:35Z
[start] ETH seed0 -> modelcap_v2notod 2026-07-30T23:31:56Z
[done ] DOGE seed3 rc=0 2026-07-30T23:40:28Z
[start] ETH seed1 -> modelcap_v2notod 2026-07-30T23:40:36Z
[done ] XRP seed3 rc=0 2026-07-31T00:47:44Z
[start] ETH seed2 -> modelcap_v2notod 2026-07-31T00:47:59Z
[done ] ETH seed0 rc=0 2026-07-31T00:59:36Z
[start] ETH seed3 -> modelcap_v2notod 2026-07-31T00:59:40Z
[done ] BTC seed1 rc=0 2026-07-31T01:13:04Z
[start] ETH seed4 -> modelcap_v2notod 2026-07-31T01:13:20Z
[done ] ETH seed1 rc=0 2026-07-31T01:14:49Z
[start] ETH seed5 -> modelcap_v2notod 2026-07-31T01:15:00Z
[done ] BTC seed3 rc=0 2026-07-31T01:40:13Z
[start] ETH seed6 -> modelcap_v2notod 2026-07-31T01:40:21Z
[done ] BTC seed2 rc=0 2026-07-31T01:43:08Z
[start] ETH seed7 -> modelcap_v2notod 2026-07-31T01:43:21Z
[done ] BTC seed0 rc=0 2026-07-31T01:45:36Z
[done ] ETH seed3 rc=0 2026-07-31T02:25:55Z
[done ] ETH seed4 rc=0 2026-07-31T02:41:47Z
[done ] ETH seed2 rc=0 2026-07-31T02:43:26Z
[done ] ETH seed5 rc=0 2026-07-31T02:52:37Z
[done ] ETH seed6 rc=0 2026-07-31T03:00:06Z
[done ] ETH seed7 rc=0 2026-07-31T03:15:23Z
=== CAMPAIGN DONE 2026-07-31T03:15:23Z ===
